[2026-04-21T11:51:27.386+0800][gc,heap] Heap region size: 1M
[2026-04-21T11:51:27.397+0800][gc     ] Using G1
[2026-04-21T11:51:27.397+0800][gc,heap,coops] Heap address: 0x00000000c0000000, size: 1024 MB, Compressed Oops mode: 32-bit
[2026-04-21T11:51:27.397+0800][gc,cds       ] Mark closed archive regions in map: [0x00000000fff00000, 0x00000000fff6bff8]
[2026-04-21T11:51:27.397+0800][gc,cds       ] Mark open archive regions in map: [0x00000000ffe00000, 0x00000000ffe47ff8]
[2026-04-21T11:51:28.099+0800][gc,start     ] GC(0) Pause Young (Normal) (G1 Evacuation Pause)
[2026-04-21T11:51:28.101+0800][gc,task      ] GC(0) Using 13 workers of 13 for evacuation
[2026-04-21T11:51:28.110+0800][gc,phases    ] GC(0)   Pre Evacuate Collection Set: 0.0ms
[2026-04-21T11:51:28.110+0800][gc,phases    ] GC(0)   Evacuate Collection Set: 8.3ms
[2026-04-21T11:51:28.110+0800][gc,phases    ] GC(0)   Post Evacuate Collection Set: 0.8ms
[2026-04-21T11:51:28.110+0800][gc,phases    ] GC(0)   Other: 2.1ms
[2026-04-21T11:51:28.110+0800][gc,heap      ] GC(0) Eden regions: 51->0(44)
[2026-04-21T11:51:28.110+0800][gc,heap      ] GC(0) Survivor regions: 0->7(7)
[2026-04-21T11:51:28.110+0800][gc,heap      ] GC(0) Old regions: 2->2
[2026-04-21T11:51:28.110+0800][gc,heap      ] GC(0) Humongous regions: 0->0
[2026-04-21T11:51:28.110+0800][gc,metaspace ] GC(0) Metaspace: 14165K(14848K)->14165K(14848K) NonClass: 12430K(12800K)->12430K(12800K) Class: 1734K(2048K)->1734K(2048K)
[2026-04-21T11:51:28.110+0800][gc           ] GC(0) Pause Young (Normal) (G1 Evacuation Pause) 51M->7M(1024M) 11.405ms
[2026-04-21T11:51:28.110+0800][gc,cpu       ] GC(0) User=0.09s Sys=0.01s Real=0.01s
[2026-04-21T11:51:28.519+0800][gc,start     ] GC(1) Pause Young (Concurrent Start) (Metadata GC Threshold)
[2026-04-21T11:51:28.519+0800][gc,task      ] GC(1) Using 13 workers of 13 for evacuation
[2026-04-21T11:51:28.535+0800][gc,phases    ] GC(1)   Pre Evacuate Collection Set: 0.1ms
[2026-04-21T11:51:28.535+0800][gc,phases    ] GC(1)   Evacuate Collection Set: 15.2ms
[2026-04-21T11:51:28.535+0800][gc,phases    ] GC(1)   Post Evacuate Collection Set: 0.8ms
[2026-04-21T11:51:28.535+0800][gc,phases    ] GC(1)   Other: 0.3ms
[2026-04-21T11:51:28.535+0800][gc,heap      ] GC(1) Eden regions: 28->0(49)
[2026-04-21T11:51:28.535+0800][gc,heap      ] GC(1) Survivor regions: 7->2(7)
[2026-04-21T11:51:28.535+0800][gc,heap      ] GC(1) Old regions: 2->9
[2026-04-21T11:51:28.535+0800][gc,heap      ] GC(1) Humongous regions: 0->0
[2026-04-21T11:51:28.535+0800][gc,metaspace ] GC(1) Metaspace: 20500K(21248K)->20500K(21248K) NonClass: 18031K(18432K)->18031K(18432K) Class: 2468K(2816K)->2468K(2816K)
[2026-04-21T11:51:28.535+0800][gc           ] GC(1) Pause Young (Concurrent Start) (Metadata GC Threshold) 35M->8M(1024M) 16.546ms
[2026-04-21T11:51:28.535+0800][gc,cpu       ] GC(1) User=0.11s Sys=0.02s Real=0.02s
[2026-04-21T11:51:28.536+0800][gc           ] GC(2) Concurrent Cycle
[2026-04-21T11:51:28.536+0800][gc,marking   ] GC(2) Concurrent Clear Claimed Marks
[2026-04-21T11:51:28.536+0800][gc,marking   ] GC(2) Concurrent Clear Claimed Marks 0.051ms
[2026-04-21T11:51:28.536+0800][gc,marking   ] GC(2) Concurrent Scan Root Regions
[2026-04-21T11:51:28.537+0800][gc,marking   ] GC(2) Concurrent Scan Root Regions 1.258ms
[2026-04-21T11:51:28.537+0800][gc,marking   ] GC(2) Concurrent Mark (1.154s)
[2026-04-21T11:51:28.537+0800][gc,marking   ] GC(2) Concurrent Mark From Roots
[2026-04-21T11:51:28.537+0800][gc,task      ] GC(2) Using 3 workers of 3 for marking
[2026-04-21T11:51:28.543+0800][gc,marking   ] GC(2) Concurrent Mark From Roots 5.675ms
[2026-04-21T11:51:28.543+0800][gc,marking   ] GC(2) Concurrent Preclean
[2026-04-21T11:51:28.543+0800][gc,marking   ] GC(2) Concurrent Preclean 0.109ms
[2026-04-21T11:51:28.543+0800][gc,marking   ] GC(2) Concurrent Mark (1.154s, 1.159s) 5.850ms
[2026-04-21T11:51:28.543+0800][gc,start     ] GC(2) Pause Remark
[2026-04-21T11:51:28.549+0800][gc,stringtable] GC(2) Cleaned string and symbol table, strings: 5693 processed, 0 removed, symbols: 52688 processed, 46 removed
[2026-04-21T11:51:28.549+0800][gc            ] GC(2) Pause Remark 9M->9M(1024M) 6.298ms
[2026-04-21T11:51:28.550+0800][gc,cpu        ] GC(2) User=0.05s Sys=0.00s Real=0.00s
[2026-04-21T11:51:28.550+0800][gc,marking    ] GC(2) Concurrent Rebuild Remembered Sets
[2026-04-21T11:51:28.552+0800][gc,marking    ] GC(2) Concurrent Rebuild Remembered Sets 2.385ms
[2026-04-21T11:51:28.552+0800][gc,start      ] GC(2) Pause Cleanup
[2026-04-21T11:51:28.553+0800][gc            ] GC(2) Pause Cleanup 10M->10M(1024M) 0.369ms
[2026-04-21T11:51:28.553+0800][gc,cpu        ] GC(2) User=0.00s Sys=0.00s Real=0.00s
[2026-04-21T11:51:28.553+0800][gc,marking    ] GC(2) Concurrent Cleanup for Next Mark
[2026-04-21T11:51:28.558+0800][gc,marking    ] GC(2) Concurrent Cleanup for Next Mark 5.278ms
[2026-04-21T11:51:28.558+0800][gc            ] GC(2) Concurrent Cycle 22.720ms
[2026-04-21T11:51:29.122+0800][gc,start      ] GC(3) Pause Young (Normal) (G1 Evacuation Pause)
[2026-04-21T11:51:29.122+0800][gc,task       ] GC(3) Using 13 workers of 13 for evacuation
[2026-04-21T11:51:29.126+0800][gc,phases     ] GC(3)   Pre Evacuate Collection Set: 0.0ms
[2026-04-21T11:51:29.126+0800][gc,phases     ] GC(3)   Evacuate Collection Set: 3.3ms
[2026-04-21T11:51:29.126+0800][gc,phases     ] GC(3)   Post Evacuate Collection Set: 0.8ms
[2026-04-21T11:51:29.126+0800][gc,phases     ] GC(3)   Other: 0.2ms
[2026-04-21T11:51:29.126+0800][gc,heap       ] GC(3) Eden regions: 49->0(46)
[2026-04-21T11:51:29.126+0800][gc,heap       ] GC(3) Survivor regions: 2->5(7)
[2026-04-21T11:51:29.126+0800][gc,heap       ] GC(3) Old regions: 9->9
[2026-04-21T11:51:29.126+0800][gc,heap       ] GC(3) Humongous regions: 129->129
[2026-04-21T11:51:29.126+0800][gc,metaspace  ] GC(3) Metaspace: 28577K(29696K)->28577K(29696K) NonClass: 25278K(25856K)->25278K(25856K) Class: 3298K(3840K)->3298K(3840K)
[2026-04-21T11:51:29.126+0800][gc            ] GC(3) Pause Young (Normal) (G1 Evacuation Pause) 186M->140M(1024M) 4.362ms
[2026-04-21T11:51:29.126+0800][gc,cpu        ] GC(3) User=0.03s Sys=0.00s Real=0.00s
[2026-04-21T11:51:29.474+0800][gc,start      ] GC(4) Pause Young (Concurrent Start) (Metadata GC Threshold)
[2026-04-21T11:51:29.474+0800][gc,task       ] GC(4) Using 13 workers of 13 for evacuation
[2026-04-21T11:51:29.484+0800][gc,phases     ] GC(4)   Pre Evacuate Collection Set: 0.1ms
[2026-04-21T11:51:29.484+0800][gc,phases     ] GC(4)   Evacuate Collection Set: 8.6ms
[2026-04-21T11:51:29.484+0800][gc,phases     ] GC(4)   Post Evacuate Collection Set: 0.6ms
[2026-04-21T11:51:29.484+0800][gc,phases     ] GC(4)   Other: 0.2ms
[2026-04-21T11:51:29.484+0800][gc,heap       ] GC(4) Eden regions: 31->0(45)
[2026-04-21T11:51:29.484+0800][gc,heap       ] GC(4) Survivor regions: 5->6(7)
[2026-04-21T11:51:29.484+0800][gc,heap       ] GC(4) Old regions: 9->10
[2026-04-21T11:51:29.484+0800][gc,heap       ] GC(4) Humongous regions: 129->129
[2026-04-21T11:51:29.484+0800][gc,metaspace  ] GC(4) Metaspace: 34401K(35840K)->34401K(35840K) NonClass: 30393K(31232K)->30393K(31232K) Class: 4007K(4608K)->4007K(4608K)
[2026-04-21T11:51:29.484+0800][gc            ] GC(4) Pause Young (Concurrent Start) (Metadata GC Threshold) 171M->143M(1024M) 9.659ms
[2026-04-21T11:51:29.484+0800][gc,cpu        ] GC(4) User=0.09s Sys=0.01s Real=0.01s
[2026-04-21T11:51:29.484+0800][gc            ] GC(5) Concurrent Cycle
[2026-04-21T11:51:29.484+0800][gc,marking    ] GC(5) Concurrent Clear Claimed Marks
[2026-04-21T11:51:29.484+0800][gc,marking    ] GC(5) Concurrent Clear Claimed Marks 0.060ms
[2026-04-21T11:51:29.484+0800][gc,marking    ] GC(5) Concurrent Scan Root Regions
[2026-04-21T11:51:29.486+0800][gc,marking    ] GC(5) Concurrent Scan Root Regions 1.794ms
[2026-04-21T11:51:29.486+0800][gc,marking    ] GC(5) Concurrent Mark (2.103s)
[2026-04-21T11:51:29.486+0800][gc,marking    ] GC(5) Concurrent Mark From Roots
[2026-04-21T11:51:29.486+0800][gc,task       ] GC(5) Using 3 workers of 3 for marking
[2026-04-21T11:51:29.492+0800][gc,marking    ] GC(5) Concurrent Mark From Roots 5.633ms
[2026-04-21T11:51:29.492+0800][gc,marking    ] GC(5) Concurrent Preclean
[2026-04-21T11:51:29.492+0800][gc,marking    ] GC(5) Concurrent Preclean 0.100ms
[2026-04-21T11:51:29.492+0800][gc,marking    ] GC(5) Concurrent Mark (2.103s, 2.108s) 5.804ms
[2026-04-21T11:51:29.493+0800][gc,start      ] GC(5) Pause Remark
[2026-04-21T11:51:29.498+0800][gc,stringtable] GC(5) Cleaned string and symbol table, strings: 11446 processed, 13 removed, symbols: 85798 processed, 15 removed
[2026-04-21T11:51:29.499+0800][gc            ] GC(5) Pause Remark 144M->144M(1024M) 5.974ms
[2026-04-21T11:51:29.499+0800][gc,cpu        ] GC(5) User=0.06s Sys=0.00s Real=0.00s
[2026-04-21T11:51:29.499+0800][gc,marking    ] GC(5) Concurrent Rebuild Remembered Sets
[2026-04-21T11:51:29.501+0800][gc,marking    ] GC(5) Concurrent Rebuild Remembered Sets 2.546ms
[2026-04-21T11:51:29.502+0800][gc,start      ] GC(5) Pause Cleanup
[2026-04-21T11:51:29.503+0800][gc            ] GC(5) Pause Cleanup 144M->144M(1024M) 0.354ms
[2026-04-21T11:51:29.503+0800][gc,cpu        ] GC(5) User=0.00s Sys=0.00s Real=0.00s
[2026-04-21T11:51:29.503+0800][gc,marking    ] GC(5) Concurrent Cleanup for Next Mark
[2026-04-21T11:51:29.512+0800][gc,marking    ] GC(5) Concurrent Cleanup for Next Mark 9.518ms
[2026-04-21T11:51:29.513+0800][gc            ] GC(5) Concurrent Cycle 28.475ms
[2026-04-21T11:55:36.177+0800][gc,heap,exit  ] Heap
[2026-04-21T11:55:36.177+0800][gc,heap,exit  ]  garbage-first heap   total 1048576K, used 187507K [0x00000000c0000000, 0x0000000100000000)
[2026-04-21T11:55:36.177+0800][gc,heap,exit  ]   region size 1024K, 48 young (49152K), 6 survivors (6144K)
[2026-04-21T11:55:36.177+0800][gc,heap,exit  ]  Metaspace       used 41118K, capacity 43525K, committed 43776K, reserved 1087488K
[2026-04-21T11:55:36.177+0800][gc,heap,exit  ]   class space    used 5376K, capacity 6589K, committed 6656K, reserved 1048576K
