[2026-04-24T20:20:51.426+0800][gc,heap] Heap region size: 1M
[2026-04-24T20:20:51.434+0800][gc     ] Using G1
[2026-04-24T20:20:51.434+0800][gc,heap,coops] Heap address: 0x00000000c0000000, size: 1024 MB, Compressed Oops mode: 32-bit
[2026-04-24T20:20:51.434+0800][gc,cds       ] Mark closed archive regions in map: [0x00000000fff00000, 0x00000000fff6bff8]
[2026-04-24T20:20:51.434+0800][gc,cds       ] Mark open archive regions in map: [0x00000000ffe00000, 0x00000000ffe47ff8]
[2026-04-24T20:20:52.115+0800][gc,start     ] GC(0) Pause Young (Normal) (G1 Evacuation Pause)
[2026-04-24T20:20:52.118+0800][gc,task      ] GC(0) Using 13 workers of 13 for evacuation
[2026-04-24T20:20:52.124+0800][gc,phases    ] GC(0)   Pre Evacuate Collection Set: 0.0ms
[2026-04-24T20:20:52.124+0800][gc,phases    ] GC(0)   Evacuate Collection Set: 4.9ms
[2026-04-24T20:20:52.124+0800][gc,phases    ] GC(0)   Post Evacuate Collection Set: 1.2ms
[2026-04-24T20:20:52.124+0800][gc,phases    ] GC(0)   Other: 2.9ms
[2026-04-24T20:20:52.124+0800][gc,heap      ] GC(0) Eden regions: 51->0(44)
[2026-04-24T20:20:52.124+0800][gc,heap      ] GC(0) Survivor regions: 0->7(7)
[2026-04-24T20:20:52.124+0800][gc,heap      ] GC(0) Old regions: 2->2
[2026-04-24T20:20:52.124+0800][gc,heap      ] GC(0) Humongous regions: 0->0
[2026-04-24T20:20:52.124+0800][gc,metaspace ] GC(0) Metaspace: 14178K(14848K)->14178K(14848K) NonClass: 12443K(12800K)->12443K(12800K) Class: 1734K(2048K)->1734K(2048K)
[2026-04-24T20:20:52.124+0800][gc           ] GC(0) Pause Young (Normal) (G1 Evacuation Pause) 51M->7M(1024M) 9.192ms
[2026-04-24T20:20:52.124+0800][gc,cpu       ] GC(0) User=0.00s Sys=0.05s Real=0.01s
[2026-04-24T20:20:52.468+0800][gc,start     ] GC(1) Pause Young (Concurrent Start) (Metadata GC Threshold)
[2026-04-24T20:20:52.468+0800][gc,task      ] GC(1) Using 13 workers of 13 for evacuation
[2026-04-24T20:20:52.478+0800][gc,phases    ] GC(1)   Pre Evacuate Collection Set: 0.1ms
[2026-04-24T20:20:52.479+0800][gc,phases    ] GC(1)   Evacuate Collection Set: 9.6ms
[2026-04-24T20:20:52.479+0800][gc,phases    ] GC(1)   Post Evacuate Collection Set: 0.8ms
[2026-04-24T20:20:52.479+0800][gc,phases    ] GC(1)   Other: 0.3ms
[2026-04-24T20:20:52.479+0800][gc,heap      ] GC(1) Eden regions: 29->0(49)
[2026-04-24T20:20:52.479+0800][gc,heap      ] GC(1) Survivor regions: 7->2(7)
[2026-04-24T20:20:52.479+0800][gc,heap      ] GC(1) Old regions: 2->9
[2026-04-24T20:20:52.479+0800][gc,heap      ] GC(1) Humongous regions: 0->0
[2026-04-24T20:20:52.479+0800][gc,metaspace ] GC(1) Metaspace: 20504K(21248K)->20504K(21248K) NonClass: 18036K(18432K)->18036K(18432K) Class: 2468K(2816K)->2468K(2816K)
[2026-04-24T20:20:52.479+0800][gc           ] GC(1) Pause Young (Concurrent Start) (Metadata GC Threshold) 36M->8M(1024M) 10.955ms
[2026-04-24T20:20:52.479+0800][gc,cpu       ] GC(1) User=0.04s Sys=0.01s Real=0.00s
[2026-04-24T20:20:52.479+0800][gc           ] GC(2) Concurrent Cycle
[2026-04-24T20:20:52.479+0800][gc,marking   ] GC(2) Concurrent Clear Claimed Marks
[2026-04-24T20:20:52.479+0800][gc,marking   ] GC(2) Concurrent Clear Claimed Marks 0.064ms
[2026-04-24T20:20:52.479+0800][gc,marking   ] GC(2) Concurrent Scan Root Regions
[2026-04-24T20:20:52.480+0800][gc,marking   ] GC(2) Concurrent Scan Root Regions 1.531ms
[2026-04-24T20:20:52.480+0800][gc,marking   ] GC(2) Concurrent Mark (1.056s)
[2026-04-24T20:20:52.480+0800][gc,marking   ] GC(2) Concurrent Mark From Roots
[2026-04-24T20:20:52.481+0800][gc,task      ] GC(2) Using 3 workers of 3 for marking
[2026-04-24T20:20:52.484+0800][gc,marking   ] GC(2) Concurrent Mark From Roots 3.541ms
[2026-04-24T20:20:52.484+0800][gc,marking   ] GC(2) Concurrent Preclean
[2026-04-24T20:20:52.484+0800][gc,marking   ] GC(2) Concurrent Preclean 0.146ms
[2026-04-24T20:20:52.484+0800][gc,marking   ] GC(2) Concurrent Mark (1.056s, 1.060s) 3.794ms
[2026-04-24T20:20:52.485+0800][gc,start     ] GC(2) Pause Remark
[2026-04-24T20:20:52.487+0800][gc,stringtable] GC(2) Cleaned string and symbol table, strings: 5646 processed, 0 removed, symbols: 52452 processed, 45 removed
[2026-04-24T20:20:52.487+0800][gc            ] GC(2) Pause Remark 8M->8M(1024M) 2.657ms
[2026-04-24T20:20:52.487+0800][gc,cpu        ] GC(2) User=0.01s Sys=0.00s Real=0.00s
[2026-04-24T20:20:52.488+0800][gc,marking    ] GC(2) Concurrent Rebuild Remembered Sets
[2026-04-24T20:20:52.490+0800][gc,marking    ] GC(2) Concurrent Rebuild Remembered Sets 2.870ms
[2026-04-24T20:20:52.491+0800][gc,start      ] GC(2) Pause Cleanup
[2026-04-24T20:20:52.492+0800][gc            ] GC(2) Pause Cleanup 8M->8M(1024M) 0.534ms
[2026-04-24T20:20:52.492+0800][gc,cpu        ] GC(2) User=0.00s Sys=0.00s Real=0.00s
[2026-04-24T20:20:52.492+0800][gc,marking    ] GC(2) Concurrent Cleanup for Next Mark
[2026-04-24T20:20:52.498+0800][gc,marking    ] GC(2) Concurrent Cleanup for Next Mark 6.523ms
[2026-04-24T20:20:52.498+0800][gc            ] GC(2) Concurrent Cycle 19.687ms
[2026-04-24T20:20:52.985+0800][gc,start      ] GC(3) Pause Young (Normal) (G1 Evacuation Pause)
[2026-04-24T20:20:52.985+0800][gc,task       ] GC(3) Using 13 workers of 13 for evacuation
[2026-04-24T20:20:52.988+0800][gc,phases     ] GC(3)   Pre Evacuate Collection Set: 0.0ms
[2026-04-24T20:20:52.988+0800][gc,phases     ] GC(3)   Evacuate Collection Set: 2.1ms
[2026-04-24T20:20:52.988+0800][gc,phases     ] GC(3)   Post Evacuate Collection Set: 0.8ms
[2026-04-24T20:20:52.988+0800][gc,phases     ] GC(3)   Other: 0.2ms
[2026-04-24T20:20:52.988+0800][gc,heap       ] GC(3) Eden regions: 49->0(46)
[2026-04-24T20:20:52.988+0800][gc,heap       ] GC(3) Survivor regions: 2->5(7)
[2026-04-24T20:20:52.988+0800][gc,heap       ] GC(3) Old regions: 9->9
[2026-04-24T20:20:52.988+0800][gc,heap       ] GC(3) Humongous regions: 129->129
[2026-04-24T20:20:52.988+0800][gc,metaspace  ] GC(3) Metaspace: 28674K(29952K)->28674K(29952K) NonClass: 25340K(26112K)->25340K(26112K) Class: 3334K(3840K)->3334K(3840K)
[2026-04-24T20:20:52.988+0800][gc            ] GC(3) Pause Young (Normal) (G1 Evacuation Pause) 186M->140M(1024M) 3.189ms
[2026-04-24T20:20:52.988+0800][gc,cpu        ] GC(3) User=0.02s Sys=0.00s Real=0.01s
[2026-04-24T20:20:53.316+0800][gc,start      ] GC(4) Pause Young (Concurrent Start) (Metadata GC Threshold)
[2026-04-24T20:20:53.316+0800][gc,task       ] GC(4) Using 13 workers of 13 for evacuation
[2026-04-24T20:20:53.327+0800][gc,phases     ] GC(4)   Pre Evacuate Collection Set: 0.2ms
[2026-04-24T20:20:53.328+0800][gc,phases     ] GC(4)   Evacuate Collection Set: 9.7ms
[2026-04-24T20:20:53.328+0800][gc,phases     ] GC(4)   Post Evacuate Collection Set: 1.1ms
[2026-04-24T20:20:53.328+0800][gc,phases     ] GC(4)   Other: 0.3ms
[2026-04-24T20:20:53.328+0800][gc,heap       ] GC(4) Eden regions: 31->0(48)
[2026-04-24T20:20:53.328+0800][gc,heap       ] GC(4) Survivor regions: 5->3(7)
[2026-04-24T20:20:53.328+0800][gc,heap       ] GC(4) Old regions: 9->14
[2026-04-24T20:20:53.328+0800][gc,heap       ] GC(4) Humongous regions: 129->129
[2026-04-24T20:20:53.328+0800][gc,metaspace  ] GC(4) Metaspace: 34430K(35840K)->34430K(35840K) NonClass: 30417K(31104K)->30417K(31104K) Class: 4013K(4736K)->4013K(4736K)
[2026-04-24T20:20:53.328+0800][gc            ] GC(4) Pause Young (Concurrent Start) (Metadata GC Threshold) 170M->143M(1024M) 11.532ms
[2026-04-24T20:20:53.328+0800][gc,cpu        ] GC(4) User=0.05s Sys=0.02s Real=0.02s
[2026-04-24T20:20:53.328+0800][gc            ] GC(5) Concurrent Cycle
[2026-04-24T20:20:53.328+0800][gc,marking    ] GC(5) Concurrent Clear Claimed Marks
[2026-04-24T20:20:53.328+0800][gc,marking    ] GC(5) Concurrent Clear Claimed Marks 0.149ms
[2026-04-24T20:20:53.328+0800][gc,marking    ] GC(5) Concurrent Scan Root Regions
[2026-04-24T20:20:53.329+0800][gc,marking    ] GC(5) Concurrent Scan Root Regions 1.512ms
[2026-04-24T20:20:53.330+0800][gc,marking    ] GC(5) Concurrent Mark (1.905s)
[2026-04-24T20:20:53.330+0800][gc,marking    ] GC(5) Concurrent Mark From Roots
[2026-04-24T20:20:53.330+0800][gc,task       ] GC(5) Using 3 workers of 3 for marking
[2026-04-24T20:20:53.339+0800][gc,marking    ] GC(5) Concurrent Mark From Roots 9.148ms
[2026-04-24T20:20:53.339+0800][gc,marking    ] GC(5) Concurrent Preclean
[2026-04-24T20:20:53.339+0800][gc,marking    ] GC(5) Concurrent Preclean 0.181ms
[2026-04-24T20:20:53.339+0800][gc,marking    ] GC(5) Concurrent Mark (1.905s, 1.915s) 9.483ms
[2026-04-24T20:20:53.340+0800][gc,start      ] GC(5) Pause Remark
[2026-04-24T20:20:53.342+0800][gc,stringtable] GC(5) Cleaned string and symbol table, strings: 11469 processed, 14 removed, symbols: 85771 processed, 15 removed
[2026-04-24T20:20:53.343+0800][gc            ] GC(5) Pause Remark 144M->144M(1024M) 2.794ms
[2026-04-24T20:20:53.343+0800][gc,cpu        ] GC(5) User=0.02s Sys=0.00s Real=0.00s
[2026-04-24T20:20:53.343+0800][gc,marking    ] GC(5) Concurrent Rebuild Remembered Sets
[2026-04-24T20:20:53.348+0800][gc,marking    ] GC(5) Concurrent Rebuild Remembered Sets 5.204ms
[2026-04-24T20:20:53.348+0800][gc,start      ] GC(5) Pause Cleanup
[2026-04-24T20:20:53.349+0800][gc            ] GC(5) Pause Cleanup 144M->144M(1024M) 0.431ms
[2026-04-24T20:20:53.349+0800][gc,cpu        ] GC(5) User=0.00s Sys=0.00s Real=0.00s
[2026-04-24T20:20:53.349+0800][gc,marking    ] GC(5) Concurrent Cleanup for Next Mark
[2026-04-24T20:20:53.356+0800][gc,marking    ] GC(5) Concurrent Cleanup for Next Mark 7.475ms
[2026-04-24T20:20:53.356+0800][gc            ] GC(5) Concurrent Cycle 28.793ms
[2026-04-24T20:36:31.745+0800][gc,start      ] GC(6) Pause Young (Normal) (G1 Evacuation Pause)
[2026-04-24T20:36:31.745+0800][gc,task       ] GC(6) Using 13 workers of 13 for evacuation
[2026-04-24T20:36:31.751+0800][gc,phases     ] GC(6)   Pre Evacuate Collection Set: 1.5ms
[2026-04-24T20:36:31.751+0800][gc,phases     ] GC(6)   Evacuate Collection Set: 2.9ms
[2026-04-24T20:36:31.751+0800][gc,phases     ] GC(6)   Post Evacuate Collection Set: 0.8ms
[2026-04-24T20:36:31.751+0800][gc,phases     ] GC(6)   Other: 0.3ms
[2026-04-24T20:36:31.751+0800][gc,heap       ] GC(6) Eden regions: 48->0(47)
[2026-04-24T20:36:31.751+0800][gc,heap       ] GC(6) Survivor regions: 3->4(7)
[2026-04-24T20:36:31.751+0800][gc,heap       ] GC(6) Old regions: 14->14
[2026-04-24T20:36:31.751+0800][gc,heap       ] GC(6) Humongous regions: 129->129
[2026-04-24T20:36:31.751+0800][gc,metaspace  ] GC(6) Metaspace: 41169K(43648K)->41169K(43648K) NonClass: 35871K(37120K)->35871K(37120K) Class: 5297K(6528K)->5297K(6528K)
[2026-04-24T20:36:31.751+0800][gc            ] GC(6) Pause Young (Normal) (G1 Evacuation Pause) 191M->144M(1024M) 5.455ms
[2026-04-24T20:36:31.751+0800][gc,cpu        ] GC(6) User=0.04s Sys=0.00s Real=0.01s
[2026-04-24T20:37:02.400+0800][gc,heap,exit  ] Heap
[2026-04-24T20:37:02.400+0800][gc,heap,exit  ]  garbage-first heap   total 1048576K, used 158426K [0x00000000c0000000, 0x0000000100000000)
[2026-04-24T20:37:02.400+0800][gc,heap,exit  ]   region size 1024K, 15 young (15360K), 4 survivors (4096K)
[2026-04-24T20:37:02.400+0800][gc,heap,exit  ]  Metaspace       used 41957K, capacity 44493K, committed 44672K, reserved 1087488K
[2026-04-24T20:37:02.400+0800][gc,heap,exit  ]   class space    used 5505K, capacity 6750K, committed 6784K, reserved 1048576K
