[2026-04-21T11:35:50.669+0800][gc,heap] Heap region size: 1M
[2026-04-21T11:35:50.686+0800][gc     ] Using G1
[2026-04-21T11:35:50.686+0800][gc,heap,coops] Heap address: 0x00000000c0000000, size: 1024 MB, Compressed Oops mode: 32-bit
[2026-04-21T11:35:50.686+0800][gc,cds       ] Mark closed archive regions in map: [0x00000000fff00000, 0x00000000fff6bff8]
[2026-04-21T11:35:50.686+0800][gc,cds       ] Mark open archive regions in map: [0x00000000ffe00000, 0x00000000ffe47ff8]
[2026-04-21T11:35:51.609+0800][gc,start     ] GC(0) Pause Young (Normal) (G1 Evacuation Pause)
[2026-04-21T11:35:51.611+0800][gc,task      ] GC(0) Using 13 workers of 13 for evacuation
[2026-04-21T11:35:51.618+0800][gc,phases    ] GC(0)   Pre Evacuate Collection Set: 0.0ms
[2026-04-21T11:35:51.618+0800][gc,phases    ] GC(0)   Evacuate Collection Set: 5.9ms
[2026-04-21T11:35:51.618+0800][gc,phases    ] GC(0)   Post Evacuate Collection Set: 0.8ms
[2026-04-21T11:35:51.618+0800][gc,phases    ] GC(0)   Other: 2.5ms
[2026-04-21T11:35:51.618+0800][gc,heap      ] GC(0) Eden regions: 51->0(44)
[2026-04-21T11:35:51.618+0800][gc,heap      ] GC(0) Survivor regions: 0->7(7)
[2026-04-21T11:35:51.618+0800][gc,heap      ] GC(0) Old regions: 2->2
[2026-04-21T11:35:51.618+0800][gc,heap      ] GC(0) Humongous regions: 0->0
[2026-04-21T11:35:51.618+0800][gc,metaspace ] GC(0) Metaspace: 14333K(15104K)->14333K(15104K) NonClass: 12582K(13056K)->12582K(13056K) Class: 1750K(2048K)->1750K(2048K)
[2026-04-21T11:35:51.618+0800][gc           ] GC(0) Pause Young (Normal) (G1 Evacuation Pause) 51M->7M(1024M) 9.360ms
[2026-04-21T11:35:51.618+0800][gc,cpu       ] GC(0) User=0.06s Sys=0.03s Real=0.02s
[2026-04-21T11:35:52.088+0800][gc,start     ] GC(1) Pause Young (Concurrent Start) (Metadata GC Threshold)
[2026-04-21T11:35:52.089+0800][gc,task      ] GC(1) Using 13 workers of 13 for evacuation
[2026-04-21T11:35:52.096+0800][gc,phases    ] GC(1)   Pre Evacuate Collection Set: 0.1ms
[2026-04-21T11:35:52.096+0800][gc,phases    ] GC(1)   Evacuate Collection Set: 5.3ms
[2026-04-21T11:35:52.096+0800][gc,phases    ] GC(1)   Post Evacuate Collection Set: 1.5ms
[2026-04-21T11:35:52.096+0800][gc,phases    ] GC(1)   Other: 0.3ms
[2026-04-21T11:35:52.096+0800][gc,heap      ] GC(1) Eden regions: 29->0(49)
[2026-04-21T11:35:52.096+0800][gc,heap      ] GC(1) Survivor regions: 7->2(7)
[2026-04-21T11:35:52.096+0800][gc,heap      ] GC(1) Old regions: 2->9
[2026-04-21T11:35:52.096+0800][gc,heap      ] GC(1) Humongous regions: 0->0
[2026-04-21T11:35:52.096+0800][gc,metaspace ] GC(1) Metaspace: 20570K(21248K)->20570K(21248K) NonClass: 18092K(18432K)->18092K(18432K) Class: 2478K(2816K)->2478K(2816K)
[2026-04-21T11:35:52.096+0800][gc           ] GC(1) Pause Young (Concurrent Start) (Metadata GC Threshold) 35M->8M(1024M) 7.299ms
[2026-04-21T11:35:52.096+0800][gc,cpu       ] GC(1) User=0.01s Sys=0.03s Real=0.01s
[2026-04-21T11:35:52.096+0800][gc           ] GC(2) Concurrent Cycle
[2026-04-21T11:35:52.096+0800][gc,marking   ] GC(2) Concurrent Clear Claimed Marks
[2026-04-21T11:35:52.096+0800][gc,marking   ] GC(2) Concurrent Clear Claimed Marks 0.049ms
[2026-04-21T11:35:52.096+0800][gc,marking   ] GC(2) Concurrent Scan Root Regions
[2026-04-21T11:35:52.097+0800][gc,marking   ] GC(2) Concurrent Scan Root Regions 1.090ms
[2026-04-21T11:35:52.097+0800][gc,marking   ] GC(2) Concurrent Mark (1.430s)
[2026-04-21T11:35:52.097+0800][gc,marking   ] GC(2) Concurrent Mark From Roots
[2026-04-21T11:35:52.097+0800][gc,task      ] GC(2) Using 3 workers of 3 for marking
[2026-04-21T11:35:52.100+0800][gc,marking   ] GC(2) Concurrent Mark From Roots 3.207ms
[2026-04-21T11:35:52.100+0800][gc,marking   ] GC(2) Concurrent Preclean
[2026-04-21T11:35:52.100+0800][gc,marking   ] GC(2) Concurrent Preclean 0.110ms
[2026-04-21T11:35:52.100+0800][gc,marking   ] GC(2) Concurrent Mark (1.430s, 1.434s) 3.410ms
[2026-04-21T11:35:52.101+0800][gc,start     ] GC(2) Pause Remark
[2026-04-21T11:35:52.103+0800][gc,stringtable] GC(2) Cleaned string and symbol table, strings: 5653 processed, 0 removed, symbols: 53367 processed, 44 removed
[2026-04-21T11:35:52.104+0800][gc            ] GC(2) Pause Remark 8M->8M(1024M) 2.519ms
[2026-04-21T11:35:52.104+0800][gc,cpu        ] GC(2) User=0.00s Sys=0.01s Real=0.00s
[2026-04-21T11:35:52.104+0800][gc,marking    ] GC(2) Concurrent Rebuild Remembered Sets
[2026-04-21T11:35:52.105+0800][gc,marking    ] GC(2) Concurrent Rebuild Remembered Sets 1.682ms
[2026-04-21T11:35:52.106+0800][gc,start      ] GC(2) Pause Cleanup
[2026-04-21T11:35:52.106+0800][gc            ] GC(2) Pause Cleanup 8M->8M(1024M) 0.360ms
[2026-04-21T11:35:52.106+0800][gc,cpu        ] GC(2) User=0.00s Sys=0.00s Real=0.00s
[2026-04-21T11:35:52.106+0800][gc,marking    ] GC(2) Concurrent Cleanup for Next Mark
[2026-04-21T11:35:52.111+0800][gc,marking    ] GC(2) Concurrent Cleanup for Next Mark 4.570ms
[2026-04-21T11:35:52.111+0800][gc            ] GC(2) Concurrent Cycle 15.064ms
[2026-04-21T11:35:52.750+0800][gc,start      ] GC(3) Pause Young (Normal) (G1 Evacuation Pause)
[2026-04-21T11:35:52.750+0800][gc,task       ] GC(3) Using 13 workers of 13 for evacuation
[2026-04-21T11:35:52.759+0800][gc,phases     ] GC(3)   Pre Evacuate Collection Set: 0.0ms
[2026-04-21T11:35:52.759+0800][gc,phases     ] GC(3)   Evacuate Collection Set: 8.1ms
[2026-04-21T11:35:52.759+0800][gc,phases     ] GC(3)   Post Evacuate Collection Set: 1.1ms
[2026-04-21T11:35:52.759+0800][gc,phases     ] GC(3)   Other: 0.2ms
[2026-04-21T11:35:52.759+0800][gc,heap       ] GC(3) Eden regions: 49->0(46)
[2026-04-21T11:35:52.759+0800][gc,heap       ] GC(3) Survivor regions: 2->5(7)
[2026-04-21T11:35:52.759+0800][gc,heap       ] GC(3) Old regions: 9->9
[2026-04-21T11:35:52.759+0800][gc,heap       ] GC(3) Humongous regions: 129->129
[2026-04-21T11:35:52.759+0800][gc,metaspace  ] GC(3) Metaspace: 28952K(30336K)->28952K(30336K) NonClass: 25551K(26368K)->25551K(26368K) Class: 3400K(3968K)->3400K(3968K)
[2026-04-21T11:35:52.759+0800][gc            ] GC(3) Pause Young (Normal) (G1 Evacuation Pause) 186M->140M(1024M) 9.517ms
[2026-04-21T11:35:52.759+0800][gc,cpu        ] GC(3) User=0.08s Sys=0.01s Real=0.01s
[2026-04-21T11:35:53.132+0800][gc,heap,exit  ] Heap
[2026-04-21T11:35:53.132+0800][gc,heap,exit  ]  garbage-first heap   total 1048576K, used 165283K [0x00000000c0000000, 0x0000000100000000)
[2026-04-21T11:35:53.132+0800][gc,heap,exit  ]   region size 1024K, 27 young (27648K), 5 survivors (5120K)
[2026-04-21T11:35:53.132+0800][gc,heap,exit  ]  Metaspace       used 32128K, capacity 33406K, committed 33536K, reserved 1079296K
[2026-04-21T11:35:53.132+0800][gc,heap,exit  ]   class space    used 3898K, capacity 4504K, committed 4608K, reserved 1048576K
