[2026-04-24T20:27:17.236+0800][gc,heap] Heap region size: 1M
[2026-04-24T20:27:17.244+0800][gc     ] Using G1
[2026-04-24T20:27:17.244+0800][gc,heap,coops] Heap address: 0x00000000c0000000, size: 1024 MB, Compressed Oops mode: 32-bit
[2026-04-24T20:27:17.244+0800][gc,cds       ] Mark closed archive regions in map: [0x00000000fff00000, 0x00000000fff6bff8]
[2026-04-24T20:27:17.244+0800][gc,cds       ] Mark open archive regions in map: [0x00000000ffe00000, 0x00000000ffe47ff8]
[2026-04-24T20:27:17.927+0800][gc,start     ] GC(0) Pause Young (Normal) (G1 Evacuation Pause)
[2026-04-24T20:27:17.930+0800][gc,task      ] GC(0) Using 13 workers of 13 for evacuation
[2026-04-24T20:27:17.939+0800][gc,phases    ] GC(0)   Pre Evacuate Collection Set: 0.0ms
[2026-04-24T20:27:17.939+0800][gc,phases    ] GC(0)   Evacuate Collection Set: 7.6ms
[2026-04-24T20:27:17.939+0800][gc,phases    ] GC(0)   Post Evacuate Collection Set: 1.1ms
[2026-04-24T20:27:17.939+0800][gc,phases    ] GC(0)   Other: 2.9ms
[2026-04-24T20:27:17.939+0800][gc,heap      ] GC(0) Eden regions: 51->0(44)
[2026-04-24T20:27:17.939+0800][gc,heap      ] GC(0) Survivor regions: 0->7(7)
[2026-04-24T20:27:17.939+0800][gc,heap      ] GC(0) Old regions: 2->3
[2026-04-24T20:27:17.939+0800][gc,heap      ] GC(0) Humongous regions: 0->0
[2026-04-24T20:27:17.939+0800][gc,metaspace ] GC(0) Metaspace: 14324K(15104K)->14324K(15104K) NonClass: 12574K(13056K)->12574K(13056K) Class: 1750K(2048K)->1750K(2048K)
[2026-04-24T20:27:17.939+0800][gc           ] GC(0) Pause Young (Normal) (G1 Evacuation Pause) 51M->7M(1024M) 11.677ms
[2026-04-24T20:27:17.939+0800][gc,cpu       ] GC(0) User=0.08s Sys=0.03s Real=0.01s
[2026-04-24T20:27:18.340+0800][gc,start     ] GC(1) Pause Young (Concurrent Start) (Metadata GC Threshold)
[2026-04-24T20:27:18.340+0800][gc,task      ] GC(1) Using 13 workers of 13 for evacuation
[2026-04-24T20:27:18.352+0800][gc,phases    ] GC(1)   Pre Evacuate Collection Set: 0.1ms
[2026-04-24T20:27:18.352+0800][gc,phases    ] GC(1)   Evacuate Collection Set: 10.0ms
[2026-04-24T20:27:18.352+0800][gc,phases    ] GC(1)   Post Evacuate Collection Set: 1.0ms
[2026-04-24T20:27:18.352+0800][gc,phases    ] GC(1)   Other: 0.5ms
[2026-04-24T20:27:18.352+0800][gc,heap      ] GC(1) Eden regions: 29->0(49)
[2026-04-24T20:27:18.352+0800][gc,heap      ] GC(1) Survivor regions: 7->2(7)
[2026-04-24T20:27:18.352+0800][gc,heap      ] GC(1) Old regions: 3->9
[2026-04-24T20:27:18.352+0800][gc,heap      ] GC(1) Humongous regions: 0->0
[2026-04-24T20:27:18.352+0800][gc,metaspace ] GC(1) Metaspace: 20556K(21248K)->20556K(21248K) NonClass: 18077K(18432K)->18077K(18432K) Class: 2478K(2816K)->2478K(2816K)
[2026-04-24T20:27:18.352+0800][gc           ] GC(1) Pause Young (Concurrent Start) (Metadata GC Threshold) 36M->8M(1024M) 11.651ms
[2026-04-24T20:27:18.352+0800][gc,cpu       ] GC(1) User=0.04s Sys=0.01s Real=0.01s
[2026-04-24T20:27:18.352+0800][gc           ] GC(2) Concurrent Cycle
[2026-04-24T20:27:18.352+0800][gc,marking   ] GC(2) Concurrent Clear Claimed Marks
[2026-04-24T20:27:18.352+0800][gc,marking   ] GC(2) Concurrent Clear Claimed Marks 0.075ms
[2026-04-24T20:27:18.352+0800][gc,marking   ] GC(2) Concurrent Scan Root Regions
[2026-04-24T20:27:18.354+0800][gc,marking   ] GC(2) Concurrent Scan Root Regions 1.543ms
[2026-04-24T20:27:18.354+0800][gc,marking   ] GC(2) Concurrent Mark (1.120s)
[2026-04-24T20:27:18.354+0800][gc,marking   ] GC(2) Concurrent Mark From Roots
[2026-04-24T20:27:18.354+0800][gc,task      ] GC(2) Using 3 workers of 3 for marking
[2026-04-24T20:27:18.359+0800][gc,marking   ] GC(2) Concurrent Mark From Roots 5.167ms
[2026-04-24T20:27:18.359+0800][gc,marking   ] GC(2) Concurrent Preclean
[2026-04-24T20:27:18.359+0800][gc,marking   ] GC(2) Concurrent Preclean 0.166ms
[2026-04-24T20:27:18.359+0800][gc,marking   ] GC(2) Concurrent Mark (1.120s, 1.126s) 5.536ms
[2026-04-24T20:27:18.360+0800][gc,start     ] GC(2) Pause Remark
[2026-04-24T20:27:18.364+0800][gc,stringtable] GC(2) Cleaned string and symbol table, strings: 5657 processed, 0 removed, symbols: 53372 processed, 43 removed
[2026-04-24T20:27:18.365+0800][gc            ] GC(2) Pause Remark 8M->8M(1024M) 4.913ms
[2026-04-24T20:27:18.365+0800][gc,cpu        ] GC(2) User=0.01s Sys=0.02s Real=0.00s
[2026-04-24T20:27:18.365+0800][gc,marking    ] GC(2) Concurrent Rebuild Remembered Sets
[2026-04-24T20:27:18.369+0800][gc,marking    ] GC(2) Concurrent Rebuild Remembered Sets 4.092ms
[2026-04-24T20:27:18.371+0800][gc,start      ] GC(2) Pause Cleanup
[2026-04-24T20:27:18.371+0800][gc            ] GC(2) Pause Cleanup 8M->8M(1024M) 0.611ms
[2026-04-24T20:27:18.371+0800][gc,cpu        ] GC(2) User=0.01s Sys=0.00s Real=0.00s
[2026-04-24T20:27:18.371+0800][gc,marking    ] GC(2) Concurrent Cleanup for Next Mark
[2026-04-24T20:27:18.379+0800][gc,marking    ] GC(2) Concurrent Cleanup for Next Mark 7.744ms
[2026-04-24T20:27:18.379+0800][gc            ] GC(2) Concurrent Cycle 26.985ms
[2026-04-24T20:27:18.538+0800][gc,heap,exit  ] Heap
[2026-04-24T20:27:18.538+0800][gc,heap,exit  ]  garbage-first heap   total 1048576K, used 11677K [0x00000000c0000000, 0x0000000100000000)
[2026-04-24T20:27:18.538+0800][gc,heap,exit  ]   region size 1024K, 6 young (6144K), 2 survivors (2048K)
[2026-04-24T20:27:18.538+0800][gc,heap,exit  ]  Metaspace       used 21022K, capacity 21664K, committed 21888K, reserved 1069056K
[2026-04-24T20:27:18.538+0800][gc,heap,exit  ]   class space    used 2547K, capacity 2828K, committed 2944K, reserved 1048576K
