[2026-04-24T20:11:37.352+0800][gc,heap] Heap region size: 1M
[2026-04-24T20:11:37.375+0800][gc     ] Using G1
[2026-04-24T20:11:37.376+0800][gc,heap,coops] Heap address: 0x00000000c0000000, size: 1024 MB, Compressed Oops mode: 32-bit
[2026-04-24T20:11:37.376+0800][gc,cds       ] Mark closed archive regions in map: [0x00000000fff00000, 0x00000000fff6bff8]
[2026-04-24T20:11:37.376+0800][gc,cds       ] Mark open archive regions in map: [0x00000000ffe00000, 0x00000000ffe47ff8]
[2026-04-24T20:11:38.248+0800][gc,start     ] GC(0) Pause Young (Normal) (G1 Evacuation Pause)
[2026-04-24T20:11:38.251+0800][gc,task      ] GC(0) Using 13 workers of 13 for evacuation
[2026-04-24T20:11:38.261+0800][gc,phases    ] GC(0)   Pre Evacuate Collection Set: 0.0ms
[2026-04-24T20:11:38.261+0800][gc,phases    ] GC(0)   Evacuate Collection Set: 8.9ms
[2026-04-24T20:11:38.261+0800][gc,phases    ] GC(0)   Post Evacuate Collection Set: 0.9ms
[2026-04-24T20:11:38.261+0800][gc,phases    ] GC(0)   Other: 2.6ms
[2026-04-24T20:11:38.261+0800][gc,heap      ] GC(0) Eden regions: 51->0(44)
[2026-04-24T20:11:38.261+0800][gc,heap      ] GC(0) Survivor regions: 0->7(7)
[2026-04-24T20:11:38.261+0800][gc,heap      ] GC(0) Old regions: 2->2
[2026-04-24T20:11:38.261+0800][gc,heap      ] GC(0) Humongous regions: 0->0
[2026-04-24T20:11:38.261+0800][gc,metaspace ] GC(0) Metaspace: 14324K(15104K)->14324K(15104K) NonClass: 12573K(13056K)->12573K(13056K) Class: 1750K(2048K)->1750K(2048K)
[2026-04-24T20:11:38.261+0800][gc           ] GC(0) Pause Young (Normal) (G1 Evacuation Pause) 51M->7M(1024M) 12.601ms
[2026-04-24T20:11:38.261+0800][gc,cpu       ] GC(0) User=0.07s Sys=0.05s Real=0.01s
[2026-04-24T20:11:38.886+0800][gc,start     ] GC(1) Pause Young (Concurrent Start) (Metadata GC Threshold)
[2026-04-24T20:11:38.886+0800][gc,task      ] GC(1) Using 13 workers of 13 for evacuation
[2026-04-24T20:11:38.898+0800][gc,phases    ] GC(1)   Pre Evacuate Collection Set: 0.1ms
[2026-04-24T20:11:38.898+0800][gc,phases    ] GC(1)   Evacuate Collection Set: 11.2ms
[2026-04-24T20:11:38.898+0800][gc,phases    ] GC(1)   Post Evacuate Collection Set: 0.7ms
[2026-04-24T20:11:38.898+0800][gc,phases    ] GC(1)   Other: 0.4ms
[2026-04-24T20:11:38.898+0800][gc,heap      ] GC(1) Eden regions: 29->0(49)
[2026-04-24T20:11:38.898+0800][gc,heap      ] GC(1) Survivor regions: 7->2(7)
[2026-04-24T20:11:38.898+0800][gc,heap      ] GC(1) Old regions: 2->9
[2026-04-24T20:11:38.898+0800][gc,heap      ] GC(1) Humongous regions: 0->0
[2026-04-24T20:11:38.898+0800][gc,metaspace ] GC(1) Metaspace: 20576K(21248K)->20576K(21248K) NonClass: 18095K(18432K)->18095K(18432K) Class: 2481K(2816K)->2481K(2816K)
[2026-04-24T20:11:38.898+0800][gc           ] GC(1) Pause Young (Concurrent Start) (Metadata GC Threshold) 36M->8M(1024M) 12.389ms
[2026-04-24T20:11:38.898+0800][gc,cpu       ] GC(1) User=0.03s Sys=0.03s Real=0.01s
[2026-04-24T20:11:38.898+0800][gc           ] GC(2) Concurrent Cycle
[2026-04-24T20:11:38.898+0800][gc,marking   ] GC(2) Concurrent Clear Claimed Marks
[2026-04-24T20:11:38.898+0800][gc,marking   ] GC(2) Concurrent Clear Claimed Marks 0.055ms
[2026-04-24T20:11:38.898+0800][gc,marking   ] GC(2) Concurrent Scan Root Regions
[2026-04-24T20:11:38.900+0800][gc,marking   ] GC(2) Concurrent Scan Root Regions 1.601ms
[2026-04-24T20:11:38.900+0800][gc,marking   ] GC(2) Concurrent Mark (1.553s)
[2026-04-24T20:11:38.900+0800][gc,marking   ] GC(2) Concurrent Mark From Roots
[2026-04-24T20:11:38.901+0800][gc,task      ] GC(2) Using 3 workers of 3 for marking
[2026-04-24T20:11:38.905+0800][gc,marking   ] GC(2) Concurrent Mark From Roots 4.562ms
[2026-04-24T20:11:38.905+0800][gc,marking   ] GC(2) Concurrent Preclean
[2026-04-24T20:11:38.905+0800][gc,marking   ] GC(2) Concurrent Preclean 0.132ms
[2026-04-24T20:11:38.905+0800][gc,marking   ] GC(2) Concurrent Mark (1.553s, 1.558s) 4.845ms
[2026-04-24T20:11:38.906+0800][gc,start     ] GC(2) Pause Remark
[2026-04-24T20:11:38.909+0800][gc,stringtable] GC(2) Cleaned string and symbol table, strings: 5717 processed, 0 removed, symbols: 52789 processed, 46 removed
[2026-04-24T20:11:38.910+0800][gc            ] GC(2) Pause Remark 9M->9M(1024M) 4.144ms
[2026-04-24T20:11:38.910+0800][gc,cpu        ] GC(2) User=0.03s Sys=0.00s Real=0.01s
[2026-04-24T20:11:38.910+0800][gc,marking    ] GC(2) Concurrent Rebuild Remembered Sets
[2026-04-24T20:11:38.912+0800][gc,marking    ] GC(2) Concurrent Rebuild Remembered Sets 2.532ms
[2026-04-24T20:11:38.913+0800][gc,start      ] GC(2) Pause Cleanup
[2026-04-24T20:11:38.913+0800][gc            ] GC(2) Pause Cleanup 9M->9M(1024M) 0.517ms
[2026-04-24T20:11:38.913+0800][gc,cpu        ] GC(2) User=0.00s Sys=0.00s Real=0.00s
[2026-04-24T20:11:38.913+0800][gc,marking    ] GC(2) Concurrent Cleanup for Next Mark
[2026-04-24T20:11:38.919+0800][gc,marking    ] GC(2) Concurrent Cleanup for Next Mark 5.697ms
[2026-04-24T20:11:38.919+0800][gc            ] GC(2) Concurrent Cycle 20.904ms
[2026-04-24T20:11:39.494+0800][gc,start      ] GC(3) Pause Young (Normal) (G1 Evacuation Pause)
[2026-04-24T20:11:39.494+0800][gc,task       ] GC(3) Using 13 workers of 13 for evacuation
[2026-04-24T20:11:39.497+0800][gc,phases     ] GC(3)   Pre Evacuate Collection Set: 0.0ms
[2026-04-24T20:11:39.497+0800][gc,phases     ] GC(3)   Evacuate Collection Set: 1.8ms
[2026-04-24T20:11:39.497+0800][gc,phases     ] GC(3)   Post Evacuate Collection Set: 0.6ms
[2026-04-24T20:11:39.497+0800][gc,phases     ] GC(3)   Other: 0.2ms
[2026-04-24T20:11:39.497+0800][gc,heap       ] GC(3) Eden regions: 49->0(45)
[2026-04-24T20:11:39.497+0800][gc,heap       ] GC(3) Survivor regions: 2->6(7)
[2026-04-24T20:11:39.497+0800][gc,heap       ] GC(3) Old regions: 9->9
[2026-04-24T20:11:39.497+0800][gc,heap       ] GC(3) Humongous regions: 129->129
[2026-04-24T20:11:39.497+0800][gc,metaspace  ] GC(3) Metaspace: 28698K(29952K)->28698K(29952K) NonClass: 25381K(26112K)->25381K(26112K) Class: 3316K(3840K)->3316K(3840K)
[2026-04-24T20:11:39.497+0800][gc            ] GC(3) Pause Young (Normal) (G1 Evacuation Pause) 186M->141M(1024M) 2.749ms
[2026-04-24T20:11:39.497+0800][gc,cpu        ] GC(3) User=0.02s Sys=0.00s Real=0.00s
[2026-04-24T20:11:39.812+0800][gc,start      ] GC(4) Pause Young (Concurrent Start) (Metadata GC Threshold)
[2026-04-24T20:11:39.813+0800][gc,task       ] GC(4) Using 13 workers of 13 for evacuation
[2026-04-24T20:11:39.822+0800][gc,phases     ] GC(4)   Pre Evacuate Collection Set: 0.2ms
[2026-04-24T20:11:39.822+0800][gc,phases     ] GC(4)   Evacuate Collection Set: 7.9ms
[2026-04-24T20:11:39.822+0800][gc,phases     ] GC(4)   Post Evacuate Collection Set: 1.1ms
[2026-04-24T20:11:39.822+0800][gc,phases     ] GC(4)   Other: 0.4ms
[2026-04-24T20:11:39.822+0800][gc,heap       ] GC(4) Eden regions: 30->0(49)
[2026-04-24T20:11:39.822+0800][gc,heap       ] GC(4) Survivor regions: 6->2(7)
[2026-04-24T20:11:39.822+0800][gc,heap       ] GC(4) Old regions: 9->14
[2026-04-24T20:11:39.822+0800][gc,heap       ] GC(4) Humongous regions: 129->129
[2026-04-24T20:11:39.822+0800][gc,metaspace  ] GC(4) Metaspace: 34365K(35840K)->34365K(35840K) NonClass: 30362K(31232K)->30362K(31232K) Class: 4002K(4608K)->4002K(4608K)
[2026-04-24T20:11:39.822+0800][gc            ] GC(4) Pause Young (Concurrent Start) (Metadata GC Threshold) 170M->143M(1024M) 9.684ms
[2026-04-24T20:11:39.822+0800][gc,cpu        ] GC(4) User=0.03s Sys=0.03s Real=0.01s
[2026-04-24T20:11:39.822+0800][gc            ] GC(5) Concurrent Cycle
[2026-04-24T20:11:39.822+0800][gc,marking    ] GC(5) Concurrent Clear Claimed Marks
[2026-04-24T20:11:39.823+0800][gc,marking    ] GC(5) Concurrent Clear Claimed Marks 0.151ms
[2026-04-24T20:11:39.823+0800][gc,marking    ] GC(5) Concurrent Scan Root Regions
[2026-04-24T20:11:39.824+0800][gc,marking    ] GC(5) Concurrent Scan Root Regions 1.644ms
[2026-04-24T20:11:39.824+0800][gc,marking    ] GC(5) Concurrent Mark (2.478s)
[2026-04-24T20:11:39.824+0800][gc,marking    ] GC(5) Concurrent Mark From Roots
[2026-04-24T20:11:39.824+0800][gc,task       ] GC(5) Using 3 workers of 3 for marking
[2026-04-24T20:11:39.838+0800][gc,marking    ] GC(5) Concurrent Mark From Roots 13.420ms
[2026-04-24T20:11:39.838+0800][gc,marking    ] GC(5) Concurrent Preclean
[2026-04-24T20:11:39.838+0800][gc,marking    ] GC(5) Concurrent Preclean 0.174ms
[2026-04-24T20:11:39.838+0800][gc,marking    ] GC(5) Concurrent Mark (2.478s, 2.491s) 13.782ms
[2026-04-24T20:11:39.840+0800][gc,start      ] GC(5) Pause Remark
[2026-04-24T20:11:39.842+0800][gc,stringtable] GC(5) Cleaned string and symbol table, strings: 11489 processed, 13 removed, symbols: 85843 processed, 15 removed
[2026-04-24T20:11:39.842+0800][gc            ] GC(5) Pause Remark 144M->144M(1024M) 2.645ms
[2026-04-24T20:11:39.842+0800][gc,cpu        ] GC(5) User=0.01s Sys=0.00s Real=0.00s
[2026-04-24T20:11:39.842+0800][gc,marking    ] GC(5) Concurrent Rebuild Remembered Sets
[2026-04-24T20:11:39.849+0800][gc,marking    ] GC(5) Concurrent Rebuild Remembered Sets 6.992ms
[2026-04-24T20:11:39.850+0800][gc,start      ] GC(5) Pause Cleanup
[2026-04-24T20:11:39.851+0800][gc            ] GC(5) Pause Cleanup 144M->144M(1024M) 0.552ms
[2026-04-24T20:11:39.851+0800][gc,cpu        ] GC(5) User=0.00s Sys=0.00s Real=0.00s
[2026-04-24T20:11:39.851+0800][gc,marking    ] GC(5) Concurrent Cleanup for Next Mark
[2026-04-24T20:11:39.859+0800][gc,marking    ] GC(5) Concurrent Cleanup for Next Mark 7.518ms
[2026-04-24T20:11:39.859+0800][gc            ] GC(5) Concurrent Cycle 36.297ms
[2026-04-24T20:11:41.107+0800][gc,heap,exit  ] Heap
[2026-04-24T20:11:41.107+0800][gc,heap,exit  ]  garbage-first heap   total 1048576K, used 166149K [0x00000000c0000000, 0x0000000100000000)
[2026-04-24T20:11:41.107+0800][gc,heap,exit  ]   region size 1024K, 23 young (23552K), 2 survivors (2048K)
[2026-04-24T20:11:41.107+0800][gc,heap,exit  ]  Metaspace       used 36969K, capacity 38616K, committed 38860K, reserved 1083392K
[2026-04-24T20:11:41.107+0800][gc,heap,exit  ]   class space    used 4501K, capacity 5268K, committed 5376K, reserved 1048576K
