[2026-04-21T12:01:18.744+0800][gc,heap] Heap region size: 1M
[2026-04-21T12:01:18.763+0800][gc     ] Using G1
[2026-04-21T12:01:18.763+0800][gc,heap,coops] Heap address: 0x00000000c0000000, size: 1024 MB, Compressed Oops mode: 32-bit
[2026-04-21T12:01:18.763+0800][gc,cds       ] Mark closed archive regions in map: [0x00000000fff00000, 0x00000000fff6bff8]
[2026-04-21T12:01:18.763+0800][gc,cds       ] Mark open archive regions in map: [0x00000000ffe00000, 0x00000000ffe47ff8]
[2026-04-21T12:01:19.604+0800][gc,start     ] GC(0) Pause Young (Normal) (G1 Evacuation Pause)
[2026-04-21T12:01:19.607+0800][gc,task      ] GC(0) Using 13 workers of 13 for evacuation
[2026-04-21T12:01:19.616+0800][gc,phases    ] GC(0)   Pre Evacuate Collection Set: 0.0ms
[2026-04-21T12:01:19.616+0800][gc,phases    ] GC(0)   Evacuate Collection Set: 7.2ms
[2026-04-21T12:01:19.616+0800][gc,phases    ] GC(0)   Post Evacuate Collection Set: 1.3ms
[2026-04-21T12:01:19.616+0800][gc,phases    ] GC(0)   Other: 3.1ms
[2026-04-21T12:01:19.616+0800][gc,heap      ] GC(0) Eden regions: 51->0(44)
[2026-04-21T12:01:19.616+0800][gc,heap      ] GC(0) Survivor regions: 0->7(7)
[2026-04-21T12:01:19.616+0800][gc,heap      ] GC(0) Old regions: 2->2
[2026-04-21T12:01:19.616+0800][gc,heap      ] GC(0) Humongous regions: 0->0
[2026-04-21T12:01:19.616+0800][gc,metaspace ] GC(0) Metaspace: 14242K(14848K)->14242K(14848K) NonClass: 12500K(12800K)->12500K(12800K) Class: 1741K(2048K)->1741K(2048K)
[2026-04-21T12:01:19.616+0800][gc           ] GC(0) Pause Young (Normal) (G1 Evacuation Pause) 51M->7M(1024M) 11.770ms
[2026-04-21T12:01:19.616+0800][gc,cpu       ] GC(0) User=0.08s Sys=0.02s Real=0.01s
[2026-04-21T12:01:38.529+0800][gc,heap,exit ] Heap
[2026-04-21T12:01:38.529+0800][gc,heap,exit ]  garbage-first heap   total 1048576K, used 12672K [0x00000000c0000000, 0x0000000100000000)
[2026-04-21T12:01:38.529+0800][gc,heap,exit ]   region size 1024K, 13 young (13312K), 7 survivors (7168K)
[2026-04-21T12:01:38.529+0800][gc,heap,exit ]  Metaspace       used 15332K, capacity 15787K, committed 16000K, reserved 1062912K
[2026-04-21T12:01:38.529+0800][gc,heap,exit ]   class space    used 1869K, capacity 2068K, committed 2176K, reserved 1048576K
