[2026-04-24T20:11:25.655+0800][gc,heap] Heap region size: 1M
[2026-04-24T20:11:25.662+0800][gc     ] Using G1
[2026-04-24T20:11:25.662+0800][gc,heap,coops] Heap address: 0x00000000e0000000, size: 512 MB, Compressed Oops mode: 32-bit
[2026-04-24T20:11:25.662+0800][gc,cds       ] Mark closed archive regions in map: [0x00000000fff00000, 0x00000000fff6bff8]
[2026-04-24T20:11:25.662+0800][gc,cds       ] Mark open archive regions in map: [0x00000000ffe00000, 0x00000000ffe47ff8]
[2026-04-24T20:11:26.386+0800][gc,start     ] GC(0) Pause Young (Normal) (G1 Evacuation Pause)
[2026-04-24T20:11:26.388+0800][gc,task      ] GC(0) Using 12 workers of 13 for evacuation
[2026-04-24T20:11:26.396+0800][gc,phases    ] GC(0)   Pre Evacuate Collection Set: 0.0ms
[2026-04-24T20:11:26.396+0800][gc,phases    ] GC(0)   Evacuate Collection Set: 6.0ms
[2026-04-24T20:11:26.396+0800][gc,phases    ] GC(0)   Post Evacuate Collection Set: 1.1ms
[2026-04-24T20:11:26.396+0800][gc,phases    ] GC(0)   Other: 3.0ms
[2026-04-24T20:11:26.396+0800][gc,heap      ] GC(0) Eden regions: 25->0(21)
[2026-04-24T20:11:26.396+0800][gc,heap      ] GC(0) Survivor regions: 0->4(4)
[2026-04-24T20:11:26.396+0800][gc,heap      ] GC(0) Old regions: 2->5
[2026-04-24T20:11:26.396+0800][gc,heap      ] GC(0) Humongous regions: 0->0
[2026-04-24T20:11:26.396+0800][gc,metaspace ] GC(0) Metaspace: 7479K(7936K)->7479K(7936K) NonClass: 6650K(6912K)->6650K(6912K) Class: 828K(1024K)->828K(1024K)
[2026-04-24T20:11:26.396+0800][gc           ] GC(0) Pause Young (Normal) (G1 Evacuation Pause) 25M->7M(512M) 10.335ms
[2026-04-24T20:11:26.396+0800][gc,cpu       ] GC(0) User=0.05s Sys=0.02s Real=0.01s
[2026-04-24T20:36:58.335+0800][gc,heap,exit ] Heap
[2026-04-24T20:36:58.335+0800][gc,heap,exit ]  garbage-first heap   total 524288K, used 22133K [0x00000000e0000000, 0x0000000100000000)
[2026-04-24T20:36:58.335+0800][gc,heap,exit ]   region size 1024K, 19 young (19456K), 4 survivors (4096K)
[2026-04-24T20:36:58.335+0800][gc,heap,exit ]  Metaspace       used 9219K, capacity 9559K, committed 9600K, reserved 1058816K
[2026-04-24T20:36:58.335+0800][gc,heap,exit ]   class space    used 984K, capacity 1151K, committed 1152K, reserved 1048576K
