[2026-04-21T11:14:49.652+0800][gc,heap] Heap region size: 1M
[2026-04-21T11:14:49.658+0800][gc     ] Using G1
[2026-04-21T11:14:49.658+0800][gc,heap,coops] Heap address: 0x00000000e0000000, size: 512 MB, Compressed Oops mode: 32-bit
[2026-04-21T11:14:49.658+0800][gc,cds       ] Mark closed archive regions in map: [0x00000000fff00000, 0x00000000fff6bff8]
[2026-04-21T11:14:49.658+0800][gc,cds       ] Mark open archive regions in map: [0x00000000ffe00000, 0x00000000ffe47ff8]
[2026-04-21T11:14:50.507+0800][gc,heap,exit ] Heap
[2026-04-21T11:14:50.507+0800][gc,heap,exit ]  garbage-first heap   total 524288K, used 24272K [0x00000000e0000000, 0x0000000100000000)
[2026-04-21T11:14:50.507+0800][gc,heap,exit ]   region size 1024K, 24 young (24576K), 0 survivors (0K)
[2026-04-21T11:14:50.507+0800][gc,heap,exit ]  Metaspace       used 7346K, capacity 7691K, committed 7936K, reserved 1056768K
[2026-04-21T11:14:50.507+0800][gc,heap,exit ]   class space    used 823K, capacity 953K, committed 1024K, reserved 1048576K
