[2026-04-21T11:35:39.465+0800][gc,heap] Heap region size: 1M
[2026-04-21T11:35:39.475+0800][gc     ] Using G1
[2026-04-21T11:35:39.475+0800][gc,heap,coops] Heap address: 0x00000000e0000000, size: 512 MB, Compressed Oops mode: 32-bit
[2026-04-21T11:35:39.475+0800][gc,cds       ] Mark closed archive regions in map: [0x00000000fff00000, 0x00000000fff6bff8]
[2026-04-21T11:35:39.475+0800][gc,cds       ] Mark open archive regions in map: [0x00000000ffe00000, 0x00000000ffe47ff8]
[2026-04-21T11:35:40.055+0800][gc,start     ] GC(0) Pause Young (Normal) (G1 Evacuation Pause)
[2026-04-21T11:35:40.057+0800][gc,task      ] GC(0) Using 12 workers of 13 for evacuation
[2026-04-21T11:35:40.063+0800][gc,phases    ] GC(0)   Pre Evacuate Collection Set: 0.0ms
[2026-04-21T11:35:40.063+0800][gc,phases    ] GC(0)   Evacuate Collection Set: 5.3ms
[2026-04-21T11:35:40.063+0800][gc,phases    ] GC(0)   Post Evacuate Collection Set: 0.6ms
[2026-04-21T11:35:40.063+0800][gc,phases    ] GC(0)   Other: 2.3ms
[2026-04-21T11:35:40.063+0800][gc,heap      ] GC(0) Eden regions: 25->0(21)
[2026-04-21T11:35:40.063+0800][gc,heap      ] GC(0) Survivor regions: 0->4(4)
[2026-04-21T11:35:40.063+0800][gc,heap      ] GC(0) Old regions: 2->5
[2026-04-21T11:35:40.063+0800][gc,heap      ] GC(0) Humongous regions: 0->0
[2026-04-21T11:35:40.063+0800][gc,metaspace ] GC(0) Metaspace: 7487K(7936K)->7487K(7936K) NonClass: 6657K(6912K)->6657K(6912K) Class: 830K(1024K)->830K(1024K)
[2026-04-21T11:35:40.063+0800][gc           ] GC(0) Pause Young (Normal) (G1 Evacuation Pause) 25M->7M(512M) 8.317ms
[2026-04-21T11:35:40.063+0800][gc,cpu       ] GC(0) User=0.06s Sys=0.00s Real=0.01s
[2026-04-21T11:37:10.687+0800][gc,heap,exit ] Heap
[2026-04-21T11:37:10.687+0800][gc,heap,exit ]  garbage-first heap   total 524288K, used 19034K [0x00000000e0000000, 0x0000000100000000)
[2026-04-21T11:37:10.687+0800][gc,heap,exit ]   region size 1024K, 16 young (16384K), 4 survivors (4096K)
[2026-04-21T11:37:10.687+0800][gc,heap,exit ]  Metaspace       used 8903K, capacity 9271K, committed 9344K, reserved 1056768K
[2026-04-21T11:37:10.687+0800][gc,heap,exit ]   class space    used 983K, capacity 1119K, committed 1152K, reserved 1048576K
